Job 2530784 on compute-12-23.mill
Start: Thu Sep 24 00:00:17 CDT 2026
trying module ansys/2025R1
  [module list] 
  [module list] Currently Loaded Modules:
  [module list]   1) ansys/2025R1
  [module list] 
  [module list]  
  [module list] 
ANSYS module: ansys/2025R1
MAPDL launcher: /share/apps/common/ansys/2025R1/ansys_inc/v251/ansys/bin/mapdl [native launcher]
node memory: 250 GB total  SLURM_MEM_PER_NODE=102400 MB
================================================================
  run_ansys_queue.sh -- Thu Sep 24 00:00:17 CDT 2026
  cwd=/home/ghmkfh/PythonMill/Plate_Solver_Package/Ansys/NewAnsys  manifest=ansys_queue_manifest_p4_3d_thinlimit_r2_2026-09-23.txt  cpus/deck=8  stop_on_fail=0
================================================================

---- [1] ansys_p4_3d_bare_t10_coarse_2026-09-23.inp : SKIP (already done -- ansys_p4_3d_bare_t10_coarse_2026-09-23.inp.QUEUE_OK is newer than the deck) ----
     removing stale p4_3d_bare_t5_xfine_2026.lock (previous run ended abnormally)

---- [2] ansys_p4_3d_bare_t5_xfine_2026-09-23.inp : RUNNING (mapdl -np 8 -j p4_3d_bare_t5_xfine_2026) -- Thu Sep 24 00:00:17 CDT 2026 ----
---- [2] ansys_p4_3d_bare_t5_xfine_2026-09-23.inp : OK (532s), wrote ansys_p4_3d_bare_t5_xfine_2026-09-23_out.txt, sentinel=ansys_p4_3d_bare_t5_xfine_2026-09-23.inp.QUEUE_OK ----
     removing stale p4_3d_bare_t10_xfine_202.lock (previous run ended abnormally)

---- [3] ansys_p4_3d_bare_t10_xfine_2026-09-23.inp : RUNNING (mapdl -np 8 -j p4_3d_bare_t10_xfine_202) -- Thu Sep 24 00:09:09 CDT 2026 ----
---- [3] ansys_p4_3d_bare_t10_xfine_2026-09-23.inp : OK (523s), wrote ansys_p4_3d_bare_t10_xfine_2026-09-23_out.txt, sentinel=ansys_p4_3d_bare_t10_xfine_2026-09-23.inp.QUEUE_OK ----
     removing stale p4_3d_bare_t20_xfine_202.lock (previous run ended abnormally)

---- [4] ansys_p4_3d_bare_t20_xfine_2026-09-23.inp : RUNNING (mapdl -np 8 -j p4_3d_bare_t20_xfine_202) -- Thu Sep 24 00:17:53 CDT 2026 ----
---- [4] ansys_p4_3d_bare_t20_xfine_2026-09-23.inp : OK (547s), wrote ansys_p4_3d_bare_t20_xfine_2026-09-23_out.txt, sentinel=ansys_p4_3d_bare_t20_xfine_2026-09-23.inp.QUEUE_OK ----

================================================================
  QUEUE SUMMARY -- Thu Sep 24 00:27:00 CDT 2026  (total wall: 26 min)
================================================================
  ansys_p4_3d_bare_t10_coarse_2026-09-23.inp : SKIP (already done)
  ansys_p4_3d_bare_t5_xfine_2026-09-23.inp : OK (532s)
  ansys_p4_3d_bare_t10_xfine_2026-09-23.inp : OK (523s)
  ansys_p4_3d_bare_t20_xfine_2026-09-23.inp : OK (547s)

  total=4  ok=3  skip=1  fail=0

==== scorer (convenience; re-run it yourself on the synced files) ====
Paper 4 3-D thin-limit ROUND 2 score  (/home/ghmkfh/PythonMill/Plate_Solver_Package/Ansys/NewAnsys)
t=20 coarse raw Hz: 0, 0, 0.001158042716, 70.24770448, 115.4959145, 167.3488615, 269.1421902, 293.449981, 448.9169942, 462.6683721, 537.9704699, 633.0223057
t=20 fine   raw Hz: 0, 0.002176570255, 0.002453876374, 70.23074315, 115.4927906, 167.3097687, 269.0561929, 293.3553028, 448.722634, 462.5872864, 537.9211563, 632.6694987
t=20 xfine  raw Hz: 0, 0.003994109547, 0.007784388925, 70.22898047, 115.4925854, 167.3060575, 269.0475115, 293.3466925, 448.7054869, 462.5798949, 537.917971, 632.6391877
t=10 coarse raw Hz: 0, 0, 0.0004438657759, 35.22792518, 57.81940681, 83.99261518, 135.3776519, 147.554834, 226.2183011, 232.8010374, 270.4928618, 319.7724575
t=10 fine   raw Hz: 0.001287980925, 0.00333212045, 0.004529776211, 35.21227739, 57.81523006, 83.95228611, 135.2979539, 147.4535154, 226.0054268, 232.7278408, 270.4366635, 319.3780918
t=10 xfine  raw Hz: 0, 0.001987304391, 0.01355088764, 35.20928634, 57.81492591, 83.94567781, 135.2831079, 147.4382673, 225.9755753, 232.7156384, 270.4326729, 319.3261847
t=5  coarse raw Hz: 0, 0.005582831796, 0.006696120119, 17.6373275, 28.92143596, 42.06398619, 67.84370516, 73.9503849, 113.4721812, 116.6363239, 135.4751573, 160.5554072
t=5  fine   raw Hz: 0, 0, 0.003163846672, 17.62887233, 28.9165745, 42.03683835, 67.79897115, 73.87587436, 113.3054995, 116.5894496, 135.4096592, 160.2310164
t=5  xfine  raw Hz: 0, 0.006728355974, 0.01682992329, 17.62581339, 28.91609372, 42.02953768, 67.78347862, 73.85851617, 113.270769, 116.5761021, 135.4033752, 160.1693839

R0: PASS

Convergence per (t, n): f_c, f_f, f_x, observed order p, xfine move, Richardson limit
  t=20 n=0: 115.49591449 115.49279059 115.49258537  p= 3.93 ok  xfine move -0.0002% ok  f_inf=115.49257094
  t=20 n=1: 269.14219023 269.05619285 269.04751149  p= 3.31 ok  xfine move -0.0032% ok  f_inf=269.04653671
  t=20 n=2: 70.24770448 70.23074315 70.22898047  p= 3.27 ok  xfine move -0.0025% ok  f_inf=70.22877604
  t=20 n=3: 167.34886155 167.30976870 167.30605751  p= 3.40 ok  xfine move -0.0022% ok  f_inf=167.30566824
  t=20 n=4: 293.44998095 293.35530276 293.34669254  p= 3.46 ok  xfine move -0.0029% ok  f_inf=293.34583117
  t=10 n=0: 57.81940681 57.81523006 57.81492591  p= 3.78 ok  xfine move -0.0005% ok  f_inf=57.81490202
  t=10 n=1: 135.37765188 135.29795389 135.28310793  p= 2.42 ok  xfine move -0.0110% ok  f_inf=135.27970938
  t=10 n=2: 35.22792518 35.21227739 35.20928634  p= 2.39 ok  xfine move -0.0085% ok  f_inf=35.20857949
  t=10 n=3: 83.99261518 83.95228611 83.94567781  p= 2.61 ok  xfine move -0.0079% ok  f_inf=83.94438278
  t=10 n=4: 147.55483397 147.45351535 147.43826729  p= 2.73 ok  xfine move -0.0103% ok  f_inf=147.43556598
  t=5  n=0: 28.92143596 28.91657450 28.91609372  p= 3.34 ok  xfine move -0.0017% ok  f_inf=28.91604095
  t=5  n=1: 67.84370516 67.79897115 67.78347862  p= 1.53 ok  xfine move -0.0229% R2-FAIL  f_inf=67.77527048
  t=5  n=2: 17.63732750 17.62887233 17.62581339  p= 1.47 ok  xfine move -0.0174% ok  f_inf=17.62407936
  t=5  n=3: 42.06398619 42.03683835 42.02953768  p= 1.89 ok  xfine move -0.0174% ok  f_inf=42.02685217
  t=5  n=4: 73.95038490 73.87587436 73.85851617  p= 2.10 ok  xfine move -0.0235% R2-FAIL  f_inf=73.85324418
R1 (monotone ratio-2 convergence, 1 <= p <= 8): PASS
R2 (|f_x/f_f - 1| <= 0.02%): FAIL
Primary intercept by rule: c_inf (Richardson)

Offsets delta(t) = f/f_K - 1 and thin-limit intercepts (defect hypothesis predicted c ~ -0.2% to -0.46%):
  n=0: c_f=+0.0038%  c_x=+0.0004%  c_inf=-0.0000%  R3 PASS  delta_inf(20/10/5)=-0.1583%/-0.0397%/-0.0100%
  n=1: c_f=+0.0531%  c_x=+0.0130%  c_inf=-0.0143%  R3 PASS  delta_inf(20/10/5)=-0.9177%/-0.3605%/-0.1611%
  n=2: c_f=+0.0393%  c_x=+0.0092%  c_inf=-0.0131%  R3 PASS  delta_inf(20/10/5)=-0.4901%/-0.2232%/-0.1111%
  n=3: c_f=+0.0401%  c_x=+0.0088%  c_inf=-0.0052%  R3 PASS  delta_inf(20/10/5)=-0.5827%/-0.2362%/-0.1063%
  n=4: c_f=+0.0547%  c_x=+0.0118%  c_inf=-0.0037%  R3 PASS  delta_inf(20/10/5)=-0.8359%/-0.3203%/-0.1371%
R3 (|c_primary| <= 0.03%): PASS

RESULT: PASS  (R0 PASS, R1 PASS, R2 FAIL, R3 PASS; primary c_inf (Richardson))

wrote /home/ghmkfh/PythonMill/Plate_Solver_Package/Ansys/NewAnsys/score_p4_3d_thinlimit_r2_2026-09-23.txt
End: Thu Sep 24 00:27:00 CDT 2026
