Job 2421056 on compute-34-04.mill
Start: Fri Aug 14 15:58:46 CDT 2026
End: Fri Aug 14 15:59:02 CDT 2026
--- geomsweep_ip_r150_a100_nu035_n80.txt ---
mode      f[Hz]           (PLANE183 NDIV=64, r150 r0/2b=1.5, a100 2T/pi=1 PHI=180deg, nu=0.35, NMODES=80, FFFF; 3 rigid modes near 0 Hz; no family separation needed)
  1.     0.000000E+00
  2.     0.000000E+00
  3.     0.000000E+00
  4.     0.444775E+02
  5.     0.109278E+03
  6.     0.174520E+03
  7.     0.199316E+03
  8.     0.259953E+03
  9.     0.284067E+03
 10.     0.347643E+03
 11.     0.371775E+03
 12.     0.410312E+03
 13.     0.453899E+03
 14.     0.466974E+03
 15.     0.470369E+03
 16.     0.526384E+03
 17.     0.545426E+03
 18.     0.546342E+03
 19.     0.572802E+03
 20.     0.589645E+03
 21.     0.611035E+03
 22.     0.635900E+03
 23.     0.636088E+03
 24.     0.663531E+03
 25.     0.664104E+03
 26.     0.687073E+03
 27.     0.692234E+03
 28.     0.694691E+03
 29.     0.707400E+03
 30.     0.708366E+03
 31.     0.731143E+03
 32.     0.769135E+03
 33.     0.770520E+03
 34.     0.786127E+03
 35.     0.796661E+03
 36.     0.833516E+03
 37.     0.843717E+03
 38.     0.846083E+03
 39.     0.851501E+03
 40.     0.888096E+03
 41.     0.911337E+03
 42.     0.918983E+03
 43.     0.926369E+03
 44.     0.933586E+03
 45.     0.951039E+03
 46.     0.971240E+03
 47.     0.100888E+04
 48.     0.101761E+04
 49.     0.101766E+04
 50.     0.102092E+04
 51.     0.103616E+04
 52.     0.106137E+04
 53.     0.108554E+04
 54.     0.109669E+04
 55.     0.110497E+04
 56.     0.110747E+04
 57.     0.111875E+04
 58.     0.113953E+04
 59.     0.115443E+04
 60.     0.116163E+04
 61.     0.118076E+04
 62.     0.118818E+04
 63.     0.119362E+04
 64.     0.119392E+04
 65.     0.119691E+04
 66.     0.120161E+04
 67.     0.122150E+04
 68.     0.122291E+04
 69.     0.124413E+04
 70.     0.125479E+04
 71.     0.126413E+04
 72.     0.126998E+04
 73.     0.128026E+04
 74.     0.129014E+04
 75.     0.131163E+04
 76.     0.133439E+04
 77.     0.133688E+04
 78.     0.134573E+04
 79.     0.134696E+04
 80.     0.135916E+04

Expect 80 data rows after the header; last frequency should be
comfortably above ~972 Hz (highest unmatched nu=0.35 solver candidate).
