Job 2490706 on compute-33-02.mill
Start: Tue Sep 15 21:12:08 CDT 2026
================================================================
  run_ansys_queue.sh -- Tue Sep 15 21:12:09 CDT 2026
  cwd=/home/ghmkfh/PythonMill/Plate_Solver_Package/Ansys/NewAnsys  manifest=ansys_queue_manifest_piezo_epsrel_2026-09-16.txt  cpus/deck=8  stop_on_fail=0
================================================================

---- [1] ansys_p4_epsrel_ff_e0_2026-09-16.inp : RUNNING (mapdl -np 8 -j p4_epsrel_ff_e0_2026_09_) -- Tue Sep 15 21:12:09 CDT 2026 ----
---- [1] ansys_p4_epsrel_ff_e0_2026-09-16.inp : OK (7s), wrote ansys_p4_epsrel_ff_e0_2026-09-16_out.txt, sentinel=ansys_p4_epsrel_ff_e0_2026-09-16.inp.QUEUE_OK ----

---- [2] ansys_p4_epsrel_ff_lanb_2026-09-16.inp : RUNNING (mapdl -np 8 -j p4_epsrel_ff_lanb_2026_0) -- Tue Sep 15 21:12:16 CDT 2026 ----
---- [2] ansys_p4_epsrel_ff_lanb_2026-09-16.inp : OK (6s), wrote ansys_p4_epsrel_ff_lanb_2026-09-16_out.txt, sentinel=ansys_p4_epsrel_ff_lanb_2026-09-16.inp.QUEUE_OK ----

---- [3] ansys_p4_epsrel_ff_subsp_2026-09-16.inp : RUNNING (mapdl -np 8 -j p4_epsrel_ff_subsp_2026_) -- Tue Sep 15 21:12:22 CDT 2026 ----
---- [3] ansys_p4_epsrel_ff_subsp_2026-09-16.inp : OK (7s), wrote ansys_p4_epsrel_ff_subsp_2026-09-16_out.txt, sentinel=ansys_p4_epsrel_ff_subsp_2026-09-16.inp.QUEUE_OK ----

---- [4] ansys_p4_epsrel_cc_lanb_2026-09-16.inp : RUNNING (mapdl -np 8 -j p4_epsrel_cc_lanb_2026_0) -- Tue Sep 15 21:12:29 CDT 2026 ----
---- [4] ansys_p4_epsrel_cc_lanb_2026-09-16.inp : OK (6s), wrote ansys_p4_epsrel_cc_lanb_2026-09-16_out.txt, sentinel=ansys_p4_epsrel_cc_lanb_2026-09-16.inp.QUEUE_OK ----

================================================================
  QUEUE SUMMARY -- Tue Sep 15 21:12:35 CDT 2026  (total wall: 0 min)
================================================================
  ansys_p4_epsrel_ff_e0_2026-09-16.inp : OK (7s)
  ansys_p4_epsrel_ff_lanb_2026-09-16.inp : OK (6s)
  ansys_p4_epsrel_ff_subsp_2026-09-16.inp : OK (7s)
  ansys_p4_epsrel_cc_lanb_2026-09-16.inp : OK (6s)

  total=4  ok=4  skip=0  fail=0
End: Tue Sep 15 21:12:35 CDT 2026
