Job 2531012 on compute-34-04.mill
Start: Thu Sep 24 04:16:19 CDT 2026
ANSYS module: ansys/2025R1
MAPDL launcher: /share/apps/common/ansys/2025R1/ansys_inc/v251/ansys/bin/mapdl
================================================================
  run_ansys_queue.sh -- Thu Sep 24 04:16:19 CDT 2026
  cwd=/home/ghmkfh/PythonMill/Plate_Solver_Package/Ansys/NewAnsys  manifest=ansys_queue_manifest_piezo_liudisk2_2026-09-24.txt  cpus/deck=8  stop_on_fail=0
================================================================

---- [1] ansys_p4_liudisk2_sc_C_2026-09-24.inp : RUNNING (mapdl -np 8 -j p4_liudisk2_sc_C_2026_09) -- Thu Sep 24 04:16:19 CDT 2026 ----
---- [1] ansys_p4_liudisk2_sc_C_2026-09-24.inp : OK (21s), wrote ansys_p4_liudisk2_sc_C_2026-09-24_out.txt, sentinel=ansys_p4_liudisk2_sc_C_2026-09-24.inp.QUEUE_OK ----

---- [2] ansys_p4_liudisk2_sc_S_2026-09-24.inp : RUNNING (mapdl -np 8 -j p4_liudisk2_sc_S_2026_09) -- Thu Sep 24 04:16:40 CDT 2026 ----
---- [2] ansys_p4_liudisk2_sc_S_2026-09-24.inp : OK (20s), wrote ansys_p4_liudisk2_sc_S_2026-09-24_out.txt, sentinel=ansys_p4_liudisk2_sc_S_2026-09-24.inp.QUEUE_OK ----

================================================================
  QUEUE SUMMARY -- Thu Sep 24 04:17:00 CDT 2026  (total wall: 0 min)
================================================================
  ansys_p4_liudisk2_sc_C_2026-09-24.inp : OK (21s)
  ansys_p4_liudisk2_sc_S_2026-09-24.inp : OK (20s)

  total=2  ok=2  skip=0  fail=0
End: Thu Sep 24 04:17:00 CDT 2026
[C] transcript: RUN COMPLETED=True errors=0 -> OK
[C] 30 modes, rigid(<1 Hz)=0
[S] transcript: RUN COMPLETED=True errors=0 -> OK
[S] 30 modes, rigid(<1 Hz)=0

bc  n m  mode       FE Hz     Liu fem   vs fem%   CPT(cons)   vs CPT%       v1 FE    vs v1%
C   0 1     1     143.583     143.255    +0.229     143.624    -0.028     143.592    -0.006  pur=1.00
C   0 2     4     554.406     553.095    +0.237     559.142    -0.847     554.485    -0.014  pur=1.00
C   1 1     2     297.815     296.458    +0.458     298.899    -0.363     315.687    -5.661  pur=1.00
C   1 2     6     843.378     839.081    +0.512     855.189    -1.381     873.908    -3.494  pur=1.00
C   2 1     3     486.612     485.566    +0.216     490.335    -0.759     486.637    -0.005  pur=1.00
C   2 2     8    1165.584    1162.818    +0.238    1189.145    -1.981    1165.667    -0.007  pur=1.00
S   0 1     1      69.254      69.264    -0.015      69.328    -0.107      69.258    -0.006  pur=1.00
S   0 2     4     414.962     414.837    +0.030     417.790    -0.677     415.014    -0.012  pur=1.00
S   1 1     2     194.474     193.930    +0.280     195.347    -0.447     208.403    -6.684  pur=1.00
S   1 2     7     673.839     671.793    +0.305     681.522    -1.127     701.071    -3.884  pur=1.00
S   2 1     3     356.954     356.889    +0.018     360.052    -0.861     356.969    -0.004  pur=1.00
S   2 2     9     969.253     968.983    +0.028     985.733    -1.672     969.317    -0.007  pur=1.00

F0 PASS  -- both transcripts: RUN COMPLETED and NUMBER OF ERROR MESSAGES = 0; no mode below 1 Hz; all 12 (n<=2, m<=2) flexural modes identified
F1 PASS  -- the fix: all four n=1 rows (C,S x m=1,2) within +-0.6% of Liu's 3-D FEA column
F2 PASS  -- no collateral: every n=0 and n=2 row within +-0.1% of its v1 (job 2530987) value
F3 PASS  -- all 12 rows within +-0.6% of Liu's 3-D FEA column

VERDICT PASS
