Job 2530949 on compute-34-04.mill
Start: Thu Sep 24 02:29:11 CDT 2026
trying module ansys/2025R1
  [module list] 
  [module list] Currently Loaded Modules:
  [module list]   1) ansys/2025R1
  [module list] 
  [module list]  
  [module list] 
ANSYS module: ansys/2025R1
MAPDL launcher: /share/apps/common/ansys/2025R1/ansys_inc/v251/ansys/bin/mapdl [native launcher]
node memory: 187 GB total  SLURM_MEM_PER_NODE=16384 MB
================================================================
  run_ansys_queue.sh -- Thu Sep 24 02:29:13 CDT 2026
  cwd=/home/ghmkfh/PythonMill/Plate_Solver_Package/Ansys/NewAnsys  manifest=ansys_queue_manifest_p1_cant_ip_2026-09-24.txt  cpus/deck=8  stop_on_fail=0
================================================================

---- [1] ansys_p1_cant_ip_r125_a025_2026-09-24.inp : MISSING -- not found in /home/ghmkfh/PythonMill/Plate_Solver_Package/Ansys/NewAnsys, skipping ----

---- [2] ansys_p1_cant_ip_r125_a050_2026-09-24.inp : RUNNING (mapdl -np 8 -j p1_cant_ip_r125_a050_202) -- Thu Sep 24 02:29:13 CDT 2026 ----
---- [2] ansys_p1_cant_ip_r125_a050_2026-09-24.inp : OK (60s), wrote ansys_p1_cant_ip_r125_a050_2026-09-24_out.txt, sentinel=ansys_p1_cant_ip_r125_a050_2026-09-24.inp.QUEUE_OK ----

---- [3] ansys_p1_cant_ip_r125_a100_2026-09-24.inp : RUNNING (mapdl -np 8 -j p1_cant_ip_r125_a100_202) -- Thu Sep 24 02:30:13 CDT 2026 ----
---- [3] ansys_p1_cant_ip_r125_a100_2026-09-24.inp : OK (52s), wrote ansys_p1_cant_ip_r125_a100_2026-09-24_out.txt, sentinel=ansys_p1_cant_ip_r125_a100_2026-09-24.inp.QUEUE_OK ----

================================================================
  QUEUE SUMMARY -- Thu Sep 24 02:31:05 CDT 2026  (total wall: 1 min)
================================================================
  ansys_p1_cant_ip_r125_a025_2026-09-24.inp : MISSING
  ansys_p1_cant_ip_r125_a050_2026-09-24.inp : OK (60s)
  ansys_p1_cant_ip_r125_a100_2026-09-24.inp : OK (52s)

  total=3  ok=2  skip=0  fail=1

==== scorer (convenience; re-run it yourself on the synced files) ====
==== a025
  NOT_RUN: missing [48, 96, 192]
==== a050
  mesh48  47.943054 139.365004 209.161802 372.613609 416.580427
  mesh96  47.940216 139.360050 209.157694 372.603462 416.571321
  mesh192 47.939167 139.358345 209.156204 372.600049 416.568104
  mode 1: F0 0.0022% PASS | Omega_ANSYS 0.121449 (p=1.44) vs Q9 0.121449 +0.0001% F2 PASS
  mode 2: F0 0.0012% PASS | Omega_ANSYS 0.353053 (p=1.54) vs Q9 0.353054 -0.0003% F2 PASS
  mode 3: F0 0.0007% PASS | Omega_ANSYS 0.529881 (p=1.46) vs Q9 0.529883 -0.0003% F2 PASS
  mode 4: F0 0.0009% PASS | Omega_ANSYS 0.943953 (p=1.57) vs Q9 0.943960 -0.0007% F2 PASS
  row m1 vs ANSYS: printed -0.636%  Seok-Tiersten -0.469%  S.9 -0.805%
  row m2 vs ANSYS: printed -1.705%  Seok-Tiersten -0.324%  S.9 -0.764%
  row m3 vs ANSYS: printed -0.121%  Seok-Tiersten -0.110%  S.9 -0.098%
==== a100
  mesh48  15.613728 41.774049 103.323071 181.099640 220.585397
  mesh96  15.613379 41.772456 103.321110 181.098023 220.581460
  mesh192 15.613247 41.771881 103.320431 181.097422 220.580079
  mode 1: F0 0.0008% PASS | Omega_ANSYS 0.039555 (p=1.41) vs Q9 0.039555 -0.0002% F2 PASS
  mode 2: F0 0.0014% PASS | Omega_ANSYS 0.105825 (p=1.47) vs Q9 0.105826 -0.0005% F2 PASS
  mode 3: F0 0.0007% PASS | Omega_ANSYS 0.261755 (p=1.53) vs Q9 0.261755 -0.0002% F2 PASS
  mode 4: F0 0.0003% PASS | Omega_ANSYS 0.458797 (p=1.43) vs Q9 0.458798 -0.0001% F2 PASS
  row m1 vs ANSYS: printed -0.225%  Seok-Tiersten -0.189%  S.9 -0.088%
  row m2 vs ANSYS: printed +0.665%  Seok-Tiersten -0.251%  S.9 +0.293%
  row m3 vs ANSYS: printed +0.495%  Seok-Tiersten -0.177%  S.9 -0.289%
VERDICT: UNRESOLVED -- read F0/F2 above
End: Thu Sep 24 02:31:05 CDT 2026
