Job 2421055 on compute-34-04.mill
Start: Fri Aug 14 15:56:51 CDT 2026
End: Fri Aug 14 15:57:21 CDT 2026
--- geomsweep_ip_r150_a100_nu030_n80.txt ---
mode      f[Hz]           (PLANE183 NDIV=64, r150 r0/2b=1.5, a100 2T/pi=1 PHI=180deg, nu=0.3, NMODES=80, FFFF; 3 rigid modes near 0 Hz; no family separation needed)
  1.     0.000000E+00
  2.     0.000000E+00
  3.     0.573296E-04
  4.     0.444947E+02
  5.     0.109655E+03
  6.     0.175032E+03
  7.     0.199955E+03
  8.     0.261669E+03
  9.     0.285961E+03
 10.     0.351021E+03
 11.     0.375170E+03
 12.     0.416282E+03
 13.     0.459656E+03
 14.     0.473687E+03
 15.     0.477126E+03
 16.     0.532036E+03
 17.     0.552177E+03
 18.     0.554975E+03
 19.     0.574702E+03
 20.     0.593608E+03
 21.     0.620416E+03
 22.     0.642828E+03
 23.     0.643623E+03
 24.     0.660014E+03
 25.     0.662465E+03
 26.     0.687912E+03
 27.     0.688525E+03
 28.     0.691605E+03
 29.     0.707833E+03
 30.     0.714482E+03
 31.     0.733365E+03
 32.     0.769544E+03
 33.     0.779039E+03
 34.     0.795815E+03
 35.     0.797976E+03
 36.     0.843386E+03
 37.     0.848400E+03
 38.     0.856896E+03
 39.     0.862172E+03
 40.     0.896672E+03
 41.     0.917434E+03
 42.     0.921980E+03
 43.     0.936741E+03
 44.     0.941292E+03
 45.     0.961585E+03
 46.     0.983076E+03
 47.     0.101591E+04
 48.     0.102792E+04
 49.     0.102928E+04
 50.     0.103058E+04
 51.     0.104108E+04
 52.     0.107399E+04
 53.     0.109931E+04
 54.     0.111119E+04
 55.     0.111652E+04
 56.     0.112187E+04
 57.     0.112226E+04
 58.     0.115337E+04
 59.     0.116982E+04
 60.     0.117544E+04
 61.     0.118763E+04
 62.     0.120289E+04
 63.     0.120801E+04
 64.     0.120834E+04
 65.     0.121076E+04
 66.     0.121586E+04
 67.     0.123418E+04
 68.     0.123593E+04
 69.     0.124916E+04
 70.     0.126191E+04
 71.     0.127144E+04
 72.     0.128753E+04
 73.     0.129424E+04
 74.     0.130744E+04
 75.     0.132022E+04
 76.     0.133676E+04
 77.     0.135156E+04
 78.     0.135214E+04
 79.     0.135774E+04
 80.     0.137425E+04

Expect 80 data rows after the header; last frequency should be
comfortably above 1004 Hz (highest unmatched nu=0.30 solver candidate).
