Job 2494665 on compute-33-02.mill
Start: Wed Sep 16 15:14:33 CDT 2026
================================================================
  run_ansys_queue.sh -- Wed Sep 16 15:14:34 CDT 2026
  cwd=/home/ghmkfh/PythonMill/Plate_Solver_Package/Ansys/NewAnsys  manifest=ansys_queue_manifest_piezo_ff_zp4_2026-09-16.txt  cpus/deck=8  stop_on_fail=0
================================================================

---- [1] ansys_p4_zp4_ff_oc_h112_2026-09-16.inp : RUNNING (mapdl -np 8 -j p4_zp4_ff_oc_h112_2026_0) -- Wed Sep 16 15:14:34 CDT 2026 ----
---- [1] ansys_p4_zp4_ff_oc_h112_2026-09-16.inp : OK (8s), wrote ansys_p4_zp4_ff_oc_h112_2026-09-16_out.txt, sentinel=ansys_p4_zp4_ff_oc_h112_2026-09-16.inp.QUEUE_OK ----

---- [2] ansys_p4_zp4_ff_sc_h112_2026-09-16.inp : RUNNING (mapdl -np 8 -j p4_zp4_ff_sc_h112_2026_0) -- Wed Sep 16 15:14:42 CDT 2026 ----
---- [2] ansys_p4_zp4_ff_sc_h112_2026-09-16.inp : OK (7s), wrote ansys_p4_zp4_ff_sc_h112_2026-09-16_out.txt, sentinel=ansys_p4_zp4_ff_sc_h112_2026-09-16.inp.QUEUE_OK ----

---- [3] ansys_p4_zp4_ff_oc_h18_2026-09-16.inp : RUNNING (mapdl -np 8 -j p4_zp4_ff_oc_h18_2026_09) -- Wed Sep 16 15:14:49 CDT 2026 ----
---- [3] ansys_p4_zp4_ff_oc_h18_2026-09-16.inp : OK (6s), wrote ansys_p4_zp4_ff_oc_h18_2026-09-16_out.txt, sentinel=ansys_p4_zp4_ff_oc_h18_2026-09-16.inp.QUEUE_OK ----

---- [4] ansys_p4_zp4_ff_sc_h18_2026-09-16.inp : RUNNING (mapdl -np 8 -j p4_zp4_ff_sc_h18_2026_09) -- Wed Sep 16 15:14:55 CDT 2026 ----
---- [4] ansys_p4_zp4_ff_sc_h18_2026-09-16.inp : OK (6s), wrote ansys_p4_zp4_ff_sc_h18_2026-09-16_out.txt, sentinel=ansys_p4_zp4_ff_sc_h18_2026-09-16.inp.QUEUE_OK ----

---- [5] ansys_p4_zp4_ff_oc_h15_2026-09-16.inp : RUNNING (mapdl -np 8 -j p4_zp4_ff_oc_h15_2026_09) -- Wed Sep 16 15:15:01 CDT 2026 ----
---- [5] ansys_p4_zp4_ff_oc_h15_2026-09-16.inp : OK (6s), wrote ansys_p4_zp4_ff_oc_h15_2026-09-16_out.txt, sentinel=ansys_p4_zp4_ff_oc_h15_2026-09-16.inp.QUEUE_OK ----

---- [6] ansys_p4_zp4_ff_sc_h15_2026-09-16.inp : RUNNING (mapdl -np 8 -j p4_zp4_ff_sc_h15_2026_09) -- Wed Sep 16 15:15:07 CDT 2026 ----
---- [6] ansys_p4_zp4_ff_sc_h15_2026-09-16.inp : OK (6s), wrote ansys_p4_zp4_ff_sc_h15_2026-09-16_out.txt, sentinel=ansys_p4_zp4_ff_sc_h15_2026-09-16.inp.QUEUE_OK ----

================================================================
  QUEUE SUMMARY -- Wed Sep 16 15:15:13 CDT 2026  (total wall: 0 min)
================================================================
  ansys_p4_zp4_ff_oc_h112_2026-09-16.inp : OK (8s)
  ansys_p4_zp4_ff_sc_h112_2026-09-16.inp : OK (7s)
  ansys_p4_zp4_ff_oc_h18_2026-09-16.inp : OK (6s)
  ansys_p4_zp4_ff_sc_h18_2026-09-16.inp : OK (6s)
  ansys_p4_zp4_ff_oc_h15_2026-09-16.inp : OK (6s)
  ansys_p4_zp4_ff_sc_h15_2026-09-16.inp : OK (6s)

  total=6  ok=6  skip=0  fail=0
End: Wed Sep 16 15:15:13 CDT 2026
